[CMD] py -m frog run examples/01_simple.frog
[INFO] examples/01_simple.frog:1:5: Stack at compile time:
[NOTE] stack:
      0. INT()@examples/01_simple.frog:1:1
      1. INT()@examples/01_simple.frog:1:3
[INFO] examples/01_simple.frog:1:9: Stack at compile time:
[NOTE] stack:
      0. INT()@examples/01_simple.frog:1:7
[INFO] examples/01_simple.frog:1:5: Stack at runtime:
[NOTE] stack:
      0. INT():1@examples/01_simple.frog:1:1
      1. INT():2@examples/01_simple.frog:1:3
[INFO] examples/01_simple.frog:1:9: Stack at runtime:
[NOTE] stack:
      0. INT():3@examples/01_simple.frog:1:7
[PRINT] INT():3@examples/01_simple.frog:1:7
[CMD] py -m frog -l WARN build -r examples/01_simple.frog
[CMD] gcc examples/01_simple.c -o examples/01_simple.exe
[CMD] examples/01_simple.exe
[STDOUT]:
3

